15:49:05 **** Incremental Build of configuration Debug for project software ****
make all 
make --no-print-directory pre-build
a9-linaro-pre-build-step
' '
make --no-print-directory main-build
'Building file: ../src/helloworld.c'
'Invoking: ARM v7 gcc compiler'
arm-none-eabi-gcc -Wall -O0 -g3 -c -fmessage-length=0 -MT"src/helloworld.o" -mcpu=cortex-a9 -mfpu=vfpv3 -mfloat-abi=hard -IC:/Users/p221t801/Downloads/PHC_2/ws/base_2025_06_10_03_46_pm/export/base_2025_06_10_03_46_pm/sw/base_2025_06_10_03_46_pm/standalone_domain/bspinclude/include -MMD -MP -MF"src/helloworld.d" -MT"src/helloworld.o" -o "src/helloworld.o" "../src/helloworld.c"
../src/helloworld.c: In function 'main':
../src/helloworld.c:81:81: warning: unused variable 'count_value' [-Wunused-variable]
   81 |     u32 upin_value, led_value, state_value, reset_value, mpt_value, skip_value, count_value;
      |                                                                                 ^~~~~~~~~~~
../src/helloworld.c:81:69: warning: unused variable 'skip_value' [-Wunused-variable]
   81 |     u32 upin_value, led_value, state_value, reset_value, mpt_value, skip_value, count_value;
      |                                                                     ^~~~~~~~~~
../src/helloworld.c:81:58: warning: unused variable 'mpt_value' [-Wunused-variable]
   81 |     u32 upin_value, led_value, state_value, reset_value, mpt_value, skip_value, count_value;
      |                                                          ^~~~~~~~~
../src/helloworld.c:81:45: warning: variable 'reset_value' set but not used [-Wunused-but-set-variable]
   81 |     u32 upin_value, led_value, state_value, reset_value, mpt_value, skip_value, count_value;
      |                                             ^~~~~~~~~~~
../src/helloworld.c:81:32: warning: variable 'state_value' set but not used [-Wunused-but-set-variable]
   81 |     u32 upin_value, led_value, state_value, reset_value, mpt_value, skip_value, count_value;
      |                                ^~~~~~~~~~~
../src/helloworld.c:81:21: warning: variable 'led_value' set but not used [-Wunused-but-set-variable]
   81 |     u32 upin_value, led_value, state_value, reset_value, mpt_value, skip_value, count_value;
      |                     ^~~~~~~~~
../src/helloworld.c:81:9: warning: variable 'upin_value' set but not used [-Wunused-but-set-variable]
   81 |     u32 upin_value, led_value, state_value, reset_value, mpt_value, skip_value, count_value;
      |         ^~~~~~~~~~
'Finished building: ../src/helloworld.c'
' '
'Building file: ../src/platform.c'
'Invoking: ARM v7 gcc compiler'
arm-none-eabi-gcc -Wall -O0 -g3 -c -fmessage-length=0 -MT"src/platform.o" -mcpu=cortex-a9 -mfpu=vfpv3 -mfloat-abi=hard -IC:/Users/p221t801/Downloads/PHC_2/ws/base_2025_06_10_03_46_pm/export/base_2025_06_10_03_46_pm/sw/base_2025_06_10_03_46_pm/standalone_domain/bspinclude/include -MMD -MP -MF"src/platform.d" -MT"src/platform.o" -o "src/platform.o" "../src/platform.c"
'Finished building: ../src/platform.c'
' '
'Building target: software.elf'
'Invoking: ARM v7 gcc linker'
arm-none-eabi-gcc -mcpu=cortex-a9 -mfpu=vfpv3 -mfloat-abi=hard -Wl,-build-id=none -specs=Xilinx.spec -Wl,-T -Wl,../src/lscript.ld -LC:/Users/p221t801/Downloads/PHC_2/ws/base_2025_06_10_03_46_pm/export/base_2025_06_10_03_46_pm/sw/base_2025_06_10_03_46_pm/standalone_domain/bsplib/lib -o "software.elf"  ./src/helloworld.o ./src/platform.o   -Wl,--start-group,-lxil,-lgcc,-lc,--end-group
'Finished building target: software.elf'
' '
'Invoking: ARM v7 Print Size'
arm-none-eabi-size software.elf  |tee "software.elf.size"
   text	   data	    bss	    dec	    hex	filename
  29882	   2184	  22632	  54698	   d5aa	software.elf
'Finished building: software.elf.size'
' '

15:49:06 Build Finished (took 1s.373ms)

